bun : $ next build
At line:1 char:1
+ bun run build > build_output.txt 2>&1
+ ~~~~~~~~~~~~~~~~~~~~~~~~~~~~~~~~~~~~~
    + CategoryInfo          : NotSpecified 
   : ($ next build:String) [], RemoteExce  
  ption
    + FullyQualifiedErrorId : NativeComman 
   dError
 
Γû▓ Next.js 16.1.3 (Turbopack)
- Environments: .env

  Creating an optimized production build ...
Γ£ô Compiled successfully in 9.5s
  Running TypeScript ...
Failed to compile.

./components/ui/input-group.tsx:92:6
Type error: Type '{ name?: string | 
undefined; value?: string | number | 
readonly string[] | undefined; ref?: 
Ref<HTMLButtonElement> | undefined; 
suppressHydrationWarning?: boolean | 
undefined; ... 292 more ...; className: 
string; }' is not assignable to type 
'IntrinsicAttributes & ((ButtonProps & 
ButtonIconProps) & 
RefAttributes<HTMLButtonElement>)'.
  Type '{ name?: string | undefined; 
value?: string | number | readonly 
string[] | undefined; ref?: 
Ref<HTMLButtonElement> | undefined; 
suppressHydrationWarning?: boolean | 
undefined; ... 292 more ...; className: 
string; }' is not assignable to type 
'IconRefProps'.
    Types of property 'icon' are 
incompatible.
      Type 'ElementType<any, keyof 
IntrinsicElements> | undefined' is not 
assignable to type 'undefined'.
        Type '"symbol"' is not assignable 
to type 'undefined'.

[0m [90m 90 |[39m   [33mVariantProps[3
9m[33m<[39m[36mtypeof[39m 
inputGroupButtonVariants[33m>[39m) {
 [90m 91 |[39m   [36mreturn[39m (
[31m[1m>[22m[39m[90m 92 |[39m     
[33m<[39m[33mButton[39m
 [90m    |[39m      [31m[1m^[22m[39m
 [90m 93 |[39m       
type[33m=[39m{type}
 [90m 94 |[39m       
data[33m-[39msize[33m=[39m{size}
 [90m 95 |[39m       
variant[33m=[39m{variant}[0m
Next.js build worker exited with code: 1 
and signal: null
error: script "build" exited with code 1
